
> cbse-pe-cbt-portal@1.0.0 build
> vite build

[36mvite v6.4.1 [32mbuilding for production...[36m[39m
transforming...
[32m✓[39m 6 modules transformed.
✗ Build failed in 208ms
error during build:
[vite:esbuild] Transform failed with 1 error:
C:/Users/lucky/Downloads/CBSE TOPPERS/cbse-toppers/App.tsx:2941:28: ERROR: Unexpected "]"
file: C:/Users/lucky/Downloads/CBSE TOPPERS/cbse-toppers/App.tsx:2941:28

Unexpected "]"
2939|  };
2940|  
2941|  dbSubjects: SubjectCategory[],
   |                              ^
2942|    onRefreshCategories: () => void,
2943|      theme: 'light' | 'dark',

    at failureErrorWithLog (C:\Users\lucky\Downloads\CBSE TOPPERS\cbse-toppers\node_modules\esbuild\lib\main.js:1467:15)
    at C:\Users\lucky\Downloads\CBSE TOPPERS\cbse-toppers\node_modules\esbuild\lib\main.js:736:50
    at responseCallbacks.<computed> (C:\Users\lucky\Downloads\CBSE TOPPERS\cbse-toppers\node_modules\esbuild\lib\main.js:603:9)
    at handleIncomingPacket (C:\Users\lucky\Downloads\CBSE TOPPERS\cbse-toppers\node_modules\esbuild\lib\main.js:658:12)
    at Socket.readFromStdout (C:\Users\lucky\Downloads\CBSE TOPPERS\cbse-toppers\node_modules\esbuild\lib\main.js:581:7)
    at Socket.emit (node:events:508:28)
    at addChunk (node:internal/streams/readable:559:12)
    at readableAddChunkPushByteMode (node:internal/streams/readable:510:3)
    at Readable.push (node:internal/streams/readable:390:5)
    at Pipe.onStreamRead (node:internal/stream_base_commons:189:23)
